// Jest Snapshot v1, https://goo.gl/fbAQLP

exports[`channelInfo should match snapshot 1`] = `
<View
  style={
    Object {
      "flex": 1,
    }
  }
>
  <Connect(StatusBar) />
  <ScrollView
    style={
      Object {
        "backgroundColor": undefined,
        "flex": 1,
      }
    }
  >
    <ChannelInfoHeader
      createAt={123}
      creator="Creator"
      displayName="Channel Name"
      hasGuests={false}
      header=""
      isArchived={false}
      isBot={false}
      isGroupConstrained={false}
      isLandscape={false}
      isTeammateGuest={false}
      memberCount={2}
      onPermalinkPress={[Function]}
      purpose="Purpose"
      status="status"
      theme={
        Object {
          "awayIndicator": "#ffbc42",
          "buttonBg": "#166de0",
          "buttonColor": "#ffffff",
          "centerChannelBg": "#ffffff",
          "centerChannelColor": "#3d3c40",
          "codeTheme": "github",
          "dndIndicator": "#f74343",
          "errorTextColor": "#fd5960",
          "linkColor": "#2389d7",
          "mentionBg": "#ffffff",
          "mentionBj": "#ffffff",
          "mentionColor": "#145dbf",
          "mentionHighlightBg": "#ffe577",
          "mentionHighlightLink": "#166de0",
          "newMessageSeparator": "#ff8800",
          "onlineIndicator": "#06d6a0",
          "sidebarBg": "#145dbf",
          "sidebarHeaderBg": "#1153ab",
          "sidebarHeaderTextColor": "#ffffff",
          "sidebarText": "#ffffff",
          "sidebarTextActiveBorder": "#579eff",
          "sidebarTextActiveColor": "#ffffff",
          "sidebarTextHoverBg": "#4578bf",
          "sidebarUnreadText": "#ffffff",
          "type": "Mattermost",
        }
      }
      type="O"
    />
    <View
      style={
        Object {
          "backgroundColor": "#ffffff",
          "borderBottomColor": undefined,
          "borderBottomWidth": 1,
          "borderTopColor": undefined,
          "borderTopWidth": 1,
        }
      }
    >
      <React.Fragment>
        <Connect(Favorite)
          channelId="1234"
          isLandscape={false}
          theme={
            Object {
              "awayIndicator": "#ffbc42",
              "buttonBg": "#166de0",
              "buttonColor": "#ffffff",
              "centerChannelBg": "#ffffff",
              "centerChannelColor": "#3d3c40",
              "codeTheme": "github",
              "dndIndicator": "#f74343",
              "errorTextColor": "#fd5960",
              "linkColor": "#2389d7",
              "mentionBg": "#ffffff",
              "mentionBj": "#ffffff",
              "mentionColor": "#145dbf",
              "mentionHighlightBg": "#ffe577",
              "mentionHighlightLink": "#166de0",
              "newMessageSeparator": "#ff8800",
              "onlineIndicator": "#06d6a0",
              "sidebarBg": "#145dbf",
              "sidebarHeaderBg": "#1153ab",
              "sidebarHeaderTextColor": "#ffffff",
              "sidebarText": "#ffffff",
              "sidebarTextActiveBorder": "#579eff",
              "sidebarTextActiveColor": "#ffffff",
              "sidebarTextHoverBg": "#4578bf",
              "sidebarUnreadText": "#ffffff",
              "type": "Mattermost",
            }
          }
        />
        <Separator
          theme={
            Object {
              "awayIndicator": "#ffbc42",
              "buttonBg": "#166de0",
              "buttonColor": "#ffffff",
              "centerChannelBg": "#ffffff",
              "centerChannelColor": "#3d3c40",
              "codeTheme": "github",
              "dndIndicator": "#f74343",
              "errorTextColor": "#fd5960",
              "linkColor": "#2389d7",
              "mentionBg": "#ffffff",
              "mentionBj": "#ffffff",
              "mentionColor": "#145dbf",
              "mentionHighlightBg": "#ffe577",
              "mentionHighlightLink": "#166de0",
              "newMessageSeparator": "#ff8800",
              "onlineIndicator": "#06d6a0",
              "sidebarBg": "#145dbf",
              "sidebarHeaderBg": "#1153ab",
              "sidebarHeaderTextColor": "#ffffff",
              "sidebarText": "#ffffff",
              "sidebarTextActiveBorder": "#579eff",
              "sidebarTextActiveColor": "#ffffff",
              "sidebarTextHoverBg": "#4578bf",
              "sidebarUnreadText": "#ffffff",
              "type": "Mattermost",
            }
          }
        />
        <Connect(Mute)
          channelId="1234"
          isLandscape={false}
          theme={
            Object {
              "awayIndicator": "#ffbc42",
              "buttonBg": "#166de0",
              "buttonColor": "#ffffff",
              "centerChannelBg": "#ffffff",
              "centerChannelColor": "#3d3c40",
              "codeTheme": "github",
              "dndIndicator": "#f74343",
              "errorTextColor": "#fd5960",
              "linkColor": "#2389d7",
              "mentionBg": "#ffffff",
              "mentionBj": "#ffffff",
              "mentionColor": "#145dbf",
              "mentionHighlightBg": "#ffe577",
              "mentionHighlightLink": "#166de0",
              "newMessageSeparator": "#ff8800",
              "onlineIndicator": "#06d6a0",
              "sidebarBg": "#145dbf",
              "sidebarHeaderBg": "#1153ab",
              "sidebarHeaderTextColor": "#ffffff",
              "sidebarText": "#ffffff",
              "sidebarTextActiveBorder": "#579eff",
              "sidebarTextActiveColor": "#ffffff",
              "sidebarTextHoverBg": "#4578bf",
              "sidebarUnreadText": "#ffffff",
              "type": "Mattermost",
            }
          }
          userId="1234"
        />
        <Separator
          theme={
            Object {
              "awayIndicator": "#ffbc42",
              "buttonBg": "#166de0",
              "buttonColor": "#ffffff",
              "centerChannelBg": "#ffffff",
              "centerChannelColor": "#3d3c40",
              "codeTheme": "github",
              "dndIndicator": "#f74343",
              "errorTextColor": "#fd5960",
              "linkColor": "#2389d7",
              "mentionBg": "#ffffff",
              "mentionBj": "#ffffff",
              "mentionColor": "#145dbf",
              "mentionHighlightBg": "#ffe577",
              "mentionHighlightLink": "#166de0",
              "newMessageSeparator": "#ff8800",
              "onlineIndicator": "#06d6a0",
              "sidebarBg": "#145dbf",
              "sidebarHeaderBg": "#1153ab",
              "sidebarHeaderTextColor": "#ffffff",
              "sidebarText": "#ffffff",
              "sidebarTextActiveBorder": "#579eff",
              "sidebarTextActiveColor": "#ffffff",
              "sidebarTextHoverBg": "#4578bf",
              "sidebarUnreadText": "#ffffff",
              "type": "Mattermost",
            }
          }
        />
        <Connect(IgnoreMentions)
          channelId="1234"
          isLandscape={false}
          theme={
            Object {
              "awayIndicator": "#ffbc42",
              "buttonBg": "#166de0",
              "buttonColor": "#ffffff",
              "centerChannelBg": "#ffffff",
              "centerChannelColor": "#3d3c40",
              "codeTheme": "github",
              "dndIndicator": "#f74343",
              "errorTextColor": "#fd5960",
              "linkColor": "#2389d7",
              "mentionBg": "#ffffff",
              "mentionBj": "#ffffff",
              "mentionColor": "#145dbf",
              "mentionHighlightBg": "#ffe577",
              "mentionHighlightLink": "#166de0",
              "newMessageSeparator": "#ff8800",
              "onlineIndicator": "#06d6a0",
              "sidebarBg": "#145dbf",
              "sidebarHeaderBg": "#1153ab",
              "sidebarHeaderTextColor": "#ffffff",
              "sidebarText": "#ffffff",
              "sidebarTextActiveBorder": "#579eff",
              "sidebarTextActiveColor": "#ffffff",
              "sidebarTextHoverBg": "#4578bf",
              "sidebarUnreadText": "#ffffff",
              "type": "Mattermost",
            }
          }
        />
        <Separator
          theme={
            Object {
              "awayIndicator": "#ffbc42",
              "buttonBg": "#166de0",
              "buttonColor": "#ffffff",
              "centerChannelBg": "#ffffff",
              "centerChannelColor": "#3d3c40",
              "codeTheme": "github",
              "dndIndicator": "#f74343",
              "errorTextColor": "#fd5960",
              "linkColor": "#2389d7",
              "mentionBg": "#ffffff",
              "mentionBj": "#ffffff",
              "mentionColor": "#145dbf",
              "mentionHighlightBg": "#ffe577",
              "mentionHighlightLink": "#166de0",
              "newMessageSeparator": "#ff8800",
              "onlineIndicator": "#06d6a0",
              "sidebarBg": "#145dbf",
              "sidebarHeaderBg": "#1153ab",
              "sidebarHeaderTextColor": "#ffffff",
              "sidebarText": "#ffffff",
              "sidebarTextActiveBorder": "#579eff",
              "sidebarTextActiveColor": "#ffffff",
              "sidebarTextHoverBg": "#4578bf",
              "sidebarUnreadText": "#ffffff",
              "type": "Mattermost",
            }
          }
        />
        <Connect(NotificationPreference)
          isLandscape={false}
          theme={
            Object {
              "awayIndicator": "#ffbc42",
              "buttonBg": "#166de0",
              "buttonColor": "#ffffff",
              "centerChannelBg": "#ffffff",
              "centerChannelColor": "#3d3c40",
              "codeTheme": "github",
              "dndIndicator": "#f74343",
              "errorTextColor": "#fd5960",
              "linkColor": "#2389d7",
              "mentionBg": "#ffffff",
              "mentionBj": "#ffffff",
              "mentionColor": "#145dbf",
              "mentionHighlightBg": "#ffe577",
              "mentionHighlightLink": "#166de0",
              "newMessageSeparator": "#ff8800",
              "onlineIndicator": "#06d6a0",
              "sidebarBg": "#145dbf",
              "sidebarHeaderBg": "#1153ab",
              "sidebarHeaderTextColor": "#ffffff",
              "sidebarText": "#ffffff",
              "sidebarTextActiveBorder": "#579eff",
              "sidebarTextActiveColor": "#ffffff",
              "sidebarTextHoverBg": "#4578bf",
              "sidebarUnreadText": "#ffffff",
              "type": "Mattermost",
            }
          }
        />
        <Separator
          theme={
            Object {
              "awayIndicator": "#ffbc42",
              "buttonBg": "#166de0",
              "buttonColor": "#ffffff",
              "centerChannelBg": "#ffffff",
              "centerChannelColor": "#3d3c40",
              "codeTheme": "github",
              "dndIndicator": "#f74343",
              "errorTextColor": "#fd5960",
              "linkColor": "#2389d7",
              "mentionBg": "#ffffff",
              "mentionBj": "#ffffff",
              "mentionColor": "#145dbf",
              "mentionHighlightBg": "#ffe577",
              "mentionHighlightLink": "#166de0",
              "newMessageSeparator": "#ff8800",
              "onlineIndicator": "#06d6a0",
              "sidebarBg": "#145dbf",
              "sidebarHeaderBg": "#1153ab",
              "sidebarHeaderTextColor": "#ffffff",
              "sidebarText": "#ffffff",
              "sidebarTextActiveBorder": "#579eff",
              "sidebarTextActiveColor": "#ffffff",
              "sidebarTextHoverBg": "#4578bf",
              "sidebarUnreadText": "#ffffff",
              "type": "Mattermost",
            }
          }
        />
        <Connect(Pinned)
          channelId="1234"
          isLandscape={false}
          theme={
            Object {
              "awayIndicator": "#ffbc42",
              "buttonBg": "#166de0",
              "buttonColor": "#ffffff",
              "centerChannelBg": "#ffffff",
              "centerChannelColor": "#3d3c40",
              "codeTheme": "github",
              "dndIndicator": "#f74343",
              "errorTextColor": "#fd5960",
              "linkColor": "#2389d7",
              "mentionBg": "#ffffff",
              "mentionBj": "#ffffff",
              "mentionColor": "#145dbf",
              "mentionHighlightBg": "#ffe577",
              "mentionHighlightLink": "#166de0",
              "newMessageSeparator": "#ff8800",
              "onlineIndicator": "#06d6a0",
              "sidebarBg": "#145dbf",
              "sidebarHeaderBg": "#1153ab",
              "sidebarHeaderTextColor": "#ffffff",
              "sidebarText": "#ffffff",
              "sidebarTextActiveBorder": "#579eff",
              "sidebarTextActiveColor": "#ffffff",
              "sidebarTextHoverBg": "#4578bf",
              "sidebarUnreadText": "#ffffff",
              "type": "Mattermost",
            }
          }
        />
        <Connect(ManageMembers)
          isLandscape={false}
          theme={
            Object {
              "awayIndicator": "#ffbc42",
              "buttonBg": "#166de0",
              "buttonColor": "#ffffff",
              "centerChannelBg": "#ffffff",
              "centerChannelColor": "#3d3c40",
              "codeTheme": "github",
              "dndIndicator": "#f74343",
              "errorTextColor": "#fd5960",
              "linkColor": "#2389d7",
              "mentionBg": "#ffffff",
              "mentionBj": "#ffffff",
              "mentionColor": "#145dbf",
              "mentionHighlightBg": "#ffe577",
              "mentionHighlightLink": "#166de0",
              "newMessageSeparator": "#ff8800",
              "onlineIndicator": "#06d6a0",
              "sidebarBg": "#145dbf",
              "sidebarHeaderBg": "#1153ab",
              "sidebarHeaderTextColor": "#ffffff",
              "sidebarText": "#ffffff",
              "sidebarTextActiveBorder": "#579eff",
              "sidebarTextActiveColor": "#ffffff",
              "sidebarTextHoverBg": "#4578bf",
              "sidebarUnreadText": "#ffffff",
              "type": "Mattermost",
            }
          }
        />
        <Connect(AddMembers)
          isLandscape={false}
          theme={
            Object {
              "awayIndicator": "#ffbc42",
              "buttonBg": "#166de0",
              "buttonColor": "#ffffff",
              "centerChannelBg": "#ffffff",
              "centerChannelColor": "#3d3c40",
              "codeTheme": "github",
              "dndIndicator": "#f74343",
              "errorTextColor": "#fd5960",
              "linkColor": "#2389d7",
              "mentionBg": "#ffffff",
              "mentionBj": "#ffffff",
              "mentionColor": "#145dbf",
              "mentionHighlightBg": "#ffe577",
              "mentionHighlightLink": "#166de0",
              "newMessageSeparator": "#ff8800",
              "onlineIndicator": "#06d6a0",
              "sidebarBg": "#145dbf",
              "sidebarHeaderBg": "#1153ab",
              "sidebarHeaderTextColor": "#ffffff",
              "sidebarText": "#ffffff",
              "sidebarTextActiveBorder": "#579eff",
              "sidebarTextActiveColor": "#ffffff",
              "sidebarTextHoverBg": "#4578bf",
              "sidebarUnreadText": "#ffffff",
              "type": "Mattermost",
            }
          }
        />
        <Connect(ConvertPrivate)
          isLandscape={false}
          theme={
            Object {
              "awayIndicator": "#ffbc42",
              "buttonBg": "#166de0",
              "buttonColor": "#ffffff",
              "centerChannelBg": "#ffffff",
              "centerChannelColor": "#3d3c40",
              "codeTheme": "github",
              "dndIndicator": "#f74343",
              "errorTextColor": "#fd5960",
              "linkColor": "#2389d7",
              "mentionBg": "#ffffff",
              "mentionBj": "#ffffff",
              "mentionColor": "#145dbf",
              "mentionHighlightBg": "#ffe577",
              "mentionHighlightLink": "#166de0",
              "newMessageSeparator": "#ff8800",
              "onlineIndicator": "#06d6a0",
              "sidebarBg": "#145dbf",
              "sidebarHeaderBg": "#1153ab",
              "sidebarHeaderTextColor": "#ffffff",
              "sidebarText": "#ffffff",
              "sidebarTextActiveBorder": "#579eff",
              "sidebarTextActiveColor": "#ffffff",
              "sidebarTextHoverBg": "#4578bf",
              "sidebarUnreadText": "#ffffff",
              "type": "Mattermost",
            }
          }
        />
        <Connect(EditChannel)
          isLandscape={false}
          theme={
            Object {
              "awayIndicator": "#ffbc42",
              "buttonBg": "#166de0",
              "buttonColor": "#ffffff",
              "centerChannelBg": "#ffffff",
              "centerChannelColor": "#3d3c40",
              "codeTheme": "github",
              "dndIndicator": "#f74343",
              "errorTextColor": "#fd5960",
              "linkColor": "#2389d7",
              "mentionBg": "#ffffff",
              "mentionBj": "#ffffff",
              "mentionColor": "#145dbf",
              "mentionHighlightBg": "#ffe577",
              "mentionHighlightLink": "#166de0",
              "newMessageSeparator": "#ff8800",
              "onlineIndicator": "#06d6a0",
              "sidebarBg": "#145dbf",
              "sidebarHeaderBg": "#1153ab",
              "sidebarHeaderTextColor": "#ffffff",
              "sidebarText": "#ffffff",
              "sidebarTextActiveBorder": "#579eff",
              "sidebarTextActiveColor": "#ffffff",
              "sidebarTextHoverBg": "#4578bf",
              "sidebarUnreadText": "#ffffff",
              "type": "Mattermost",
            }
          }
        />
      </React.Fragment>
    </View>
    <View
      style={
        Object {
          "marginTop": 40,
        }
      }
    >
      <Connect(Leave)
        close={[Function]}
        isLandscape={false}
        theme={
          Object {
            "awayIndicator": "#ffbc42",
            "buttonBg": "#166de0",
            "buttonColor": "#ffffff",
            "centerChannelBg": "#ffffff",
            "centerChannelColor": "#3d3c40",
            "codeTheme": "github",
            "dndIndicator": "#f74343",
            "errorTextColor": "#fd5960",
            "linkColor": "#2389d7",
            "mentionBg": "#ffffff",
            "mentionBj": "#ffffff",
            "mentionColor": "#145dbf",
            "mentionHighlightBg": "#ffe577",
            "mentionHighlightLink": "#166de0",
            "newMessageSeparator": "#ff8800",
            "onlineIndicator": "#06d6a0",
            "sidebarBg": "#145dbf",
            "sidebarHeaderBg": "#1153ab",
            "sidebarHeaderTextColor": "#ffffff",
            "sidebarText": "#ffffff",
            "sidebarTextActiveBorder": "#579eff",
            "sidebarTextActiveColor": "#ffffff",
            "sidebarTextHoverBg": "#4578bf",
            "sidebarUnreadText": "#ffffff",
            "type": "Mattermost",
          }
        }
      />
      <Connect(Archive)
        close={[Function]}
        isLandscape={false}
        theme={
          Object {
            "awayIndicator": "#ffbc42",
            "buttonBg": "#166de0",
            "buttonColor": "#ffffff",
            "centerChannelBg": "#ffffff",
            "centerChannelColor": "#3d3c40",
            "codeTheme": "github",
            "dndIndicator": "#f74343",
            "errorTextColor": "#fd5960",
            "linkColor": "#2389d7",
            "mentionBg": "#ffffff",
            "mentionBj": "#ffffff",
            "mentionColor": "#145dbf",
            "mentionHighlightBg": "#ffe577",
            "mentionHighlightLink": "#166de0",
            "newMessageSeparator": "#ff8800",
            "onlineIndicator": "#06d6a0",
            "sidebarBg": "#145dbf",
            "sidebarHeaderBg": "#1153ab",
            "sidebarHeaderTextColor": "#ffffff",
            "sidebarText": "#ffffff",
            "sidebarTextActiveBorder": "#579eff",
            "sidebarTextActiveColor": "#ffffff",
            "sidebarTextHoverBg": "#4578bf",
            "sidebarUnreadText": "#ffffff",
            "type": "Mattermost",
          }
        }
      />
    </View>
  </ScrollView>
</View>
`;
